// Jest Snapshot v1, https://goo.gl/fbAQLP

exports[`Renders with no props 1`] = `
<body>
  <div />
</body>
`;

exports[`Renders with props 1`] = `
<body>
  <div />
</body>
`;
