// Jest Snapshot v1, https://goo.gl/fbAQLP

exports[`Renders Correctly 1`] = `
Object {
  "asFragment": [Function],
  "baseElement": <body>
    <div>
      <div
        class="px-0 container-fluid"
      >
        <nav
          class="desktop-header d-none d-md-flex background-theme-main white navbar navbar-expand navbar-light"
          id="header-container"
        >
          <div
            class="header-left col-1 col"
          >
            <div
              class="desktop-header-left-direction-wrapper null row"
            >
              <div
                class="desktop-header-left-header-element-0 col"
              >
                logo
              </div>
            </div>
          </div>
          <div
            class="header-center col-10 col"
          >
            <div
              class="desktop-header-center-direction-wrapper float-right row"
            >
              <div
                class="desktop-header-center-header-element-0 col"
              >
                main menu
              </div>
            </div>
          </div>
          <div
            class="header-right col-1 col"
          >
            <div
              class="desktop-header-right-direction-wrapper null row"
            >
              <div
                class="desktop-header-right-header-element-0 col"
              >
                setting menu
              </div>
            </div>
          </div>
        </nav>
        <nav
          class="mobile-header fixed-bottom d-md-none background-theme-main navbar navbar-expand navbar-light"
          id="header-container"
        >
          <div
            class="header-left col-1 col"
          >
            <div
              class="mobile-header-left-direction-wrapper null row"
            >
              <div
                class="mobile-header-left-header-element-0 col"
              />
            </div>
          </div>
          <div
            class="header-center col-10 col"
          >
            <div
              class="mobile-header-center-direction-wrapper null row"
            >
              <div
                class="mobile-header-center-header-element-0 col"
              />
            </div>
          </div>
          <div
            class="header-right col-1 col"
          >
            <div
              class="mobile-header-right-direction-wrapper null row"
            >
              <div
                class="mobile-header-right-header-element-0 col"
              />
            </div>
          </div>
        </nav>
      </div>
      <div
        class="container-fluid"
      >
        <div
          class="row"
        >
          <div
            class="footer-left col-1 col"
          >
            <div
              class="desktop-footer-left-direction-wrapper null row"
            >
              <div
                class="desktop-footer-left-header-element-0 col"
              />
            </div>
          </div>
          <div
            class="footer-center col-10 col"
          >
            <div
              class="desktop-footer-center-direction-wrapper null row"
            >
              <div
                class="desktop-footer-center-header-element-0 col"
              />
            </div>
          </div>
          <div
            class="footer-right col-1 col"
          >
            <div
              class="desktop-footer-right-direction-wrapper null row"
            >
              <div
                class="desktop-footer-right-header-element-0 col"
              />
            </div>
          </div>
        </div>
        <div
          class="mobile-footer fixed-bottom d-md-none d-flex background-theme-main justify-content-between row"
        >
          <div
            class="footer-left col-1 col"
          >
            <div
              class="mobile-footer-left-direction-wrapper null row"
            >
              <div
                class="mobile-footer-left-header-element-0 col"
              />
            </div>
          </div>
          <div
            class="footer-center col-10 col"
          >
            <div
              class="mobile-footer-center-direction-wrapper null row"
            >
              <div
                class="mobile-footer-center-header-element-0 col"
              >
                menu
              </div>
            </div>
          </div>
          <div
            class="footer-right col-1 col"
          >
            <div
              class="mobile-footer-right-direction-wrapper null row"
            >
              <div
                class="mobile-footer-right-header-element-0 col"
              />
            </div>
          </div>
        </div>
      </div>
    </div>
  </body>,
  "container": <div>
    <div
      class="px-0 container-fluid"
    >
      <nav
        class="desktop-header d-none d-md-flex background-theme-main white navbar navbar-expand navbar-light"
        id="header-container"
      >
        <div
          class="header-left col-1 col"
        >
          <div
            class="desktop-header-left-direction-wrapper null row"
          >
            <div
              class="desktop-header-left-header-element-0 col"
            >
              logo
            </div>
          </div>
        </div>
        <div
          class="header-center col-10 col"
        >
          <div
            class="desktop-header-center-direction-wrapper float-right row"
          >
            <div
              class="desktop-header-center-header-element-0 col"
            >
              main menu
            </div>
          </div>
        </div>
        <div
          class="header-right col-1 col"
        >
          <div
            class="desktop-header-right-direction-wrapper null row"
          >
            <div
              class="desktop-header-right-header-element-0 col"
            >
              setting menu
            </div>
          </div>
        </div>
      </nav>
      <nav
        class="mobile-header fixed-bottom d-md-none background-theme-main navbar navbar-expand navbar-light"
        id="header-container"
      >
        <div
          class="header-left col-1 col"
        >
          <div
            class="mobile-header-left-direction-wrapper null row"
          >
            <div
              class="mobile-header-left-header-element-0 col"
            />
          </div>
        </div>
        <div
          class="header-center col-10 col"
        >
          <div
            class="mobile-header-center-direction-wrapper null row"
          >
            <div
              class="mobile-header-center-header-element-0 col"
            />
          </div>
        </div>
        <div
          class="header-right col-1 col"
        >
          <div
            class="mobile-header-right-direction-wrapper null row"
          >
            <div
              class="mobile-header-right-header-element-0 col"
            />
          </div>
        </div>
      </nav>
    </div>
    <div
      class="container-fluid"
    >
      <div
        class="row"
      >
        <div
          class="footer-left col-1 col"
        >
          <div
            class="desktop-footer-left-direction-wrapper null row"
          >
            <div
              class="desktop-footer-left-header-element-0 col"
            />
          </div>
        </div>
        <div
          class="footer-center col-10 col"
        >
          <div
            class="desktop-footer-center-direction-wrapper null row"
          >
            <div
              class="desktop-footer-center-header-element-0 col"
            />
          </div>
        </div>
        <div
          class="footer-right col-1 col"
        >
          <div
            class="desktop-footer-right-direction-wrapper null row"
          >
            <div
              class="desktop-footer-right-header-element-0 col"
            />
          </div>
        </div>
      </div>
      <div
        class="mobile-footer fixed-bottom d-md-none d-flex background-theme-main justify-content-between row"
      >
        <div
          class="footer-left col-1 col"
        >
          <div
            class="mobile-footer-left-direction-wrapper null row"
          >
            <div
              class="mobile-footer-left-header-element-0 col"
            />
          </div>
        </div>
        <div
          class="footer-center col-10 col"
        >
          <div
            class="mobile-footer-center-direction-wrapper null row"
          >
            <div
              class="mobile-footer-center-header-element-0 col"
            >
              menu
            </div>
          </div>
        </div>
        <div
          class="footer-right col-1 col"
        >
          <div
            class="mobile-footer-right-direction-wrapper null row"
          >
            <div
              class="mobile-footer-right-header-element-0 col"
            />
          </div>
        </div>
      </div>
    </div>
  </div>,
  "debug": [Function],
  "findAllByAltText": [Function],
  "findAllByDisplayValue": [Function],
  "findAllByLabelText": [Function],
  "findAllByPlaceholderText": [Function],
  "findAllByRole": [Function],
  "findAllByTestId": [Function],
  "findAllByText": [Function],
  "findAllByTitle": [Function],
  "findByAltText": [Function],
  "findByDisplayValue": [Function],
  "findByLabelText": [Function],
  "findByPlaceholderText": [Function],
  "findByRole": [Function],
  "findByTestId": [Function],
  "findByText": [Function],
  "findByTitle": [Function],
  "getAllByAltText": [Function],
  "getAllByDisplayValue": [Function],
  "getAllByLabelText": [Function],
  "getAllByPlaceholderText": [Function],
  "getAllByRole": [Function],
  "getAllByTestId": [Function],
  "getAllByText": [Function],
  "getAllByTitle": [Function],
  "getByAltText": [Function],
  "getByDisplayValue": [Function],
  "getByLabelText": [Function],
  "getByPlaceholderText": [Function],
  "getByRole": [Function],
  "getByTestId": [Function],
  "getByText": [Function],
  "getByTitle": [Function],
  "queryAllByAltText": [Function],
  "queryAllByDisplayValue": [Function],
  "queryAllByLabelText": [Function],
  "queryAllByPlaceholderText": [Function],
  "queryAllByRole": [Function],
  "queryAllByTestId": [Function],
  "queryAllByText": [Function],
  "queryAllByTitle": [Function],
  "queryByAltText": [Function],
  "queryByDisplayValue": [Function],
  "queryByLabelText": [Function],
  "queryByPlaceholderText": [Function],
  "queryByRole": [Function],
  "queryByTestId": [Function],
  "queryByText": [Function],
  "queryByTitle": [Function],
  "rerender": [Function],
  "unmount": [Function],
}
`;
